[BROWSER] StabilityVerifier loaded. Run window.StabilityVerifier.runAll()
[BROWSER] [perf] crm:first-route-ready
[BROWSER] [BOOT] loadModules called with: [./env.js, ./db.js, ./core/renderGuard.js, ./core/theme_injector.js, ./services/selection.js, ./utils.js, ./render.js, ./db_compat.js, ./ical.js, ./presets.js, ../seed_data_inline.js, ./seed_data.js, ./ui_shims.js, ./header_ui.js, ./email/merge_vars.js, ./contact_stage_tracker.js, ./commissions.js, ./post_funding.js, ./qa.js, ./bulk_log.js, ./print.js, ./app.js, ./settings_forms.js, ./compose.js, ./services/pipelineStages.js, ./services/softDelete.js, ./pipeline/stages.js, ./pages/workbench.js, ./pages/email_templates.js, ./pages/notifications.js, ./boot/contracts/services.js, ./boot/phases.js]
[BROWSER] [perf] crm:post-first-paint-start
[BROWSER] [Selection] buildDetail: init ResultSource: init
[BROWSER] [Selection] buildDetail: ready ResultSource: ready
[BROWSER] [Selection] emit: ready Ids: []
[BROWSER] [VIS] action-bar plus removed
[BROWSER] [A_BEACON] header loaded
[BROWSER] [A_BEACON] avatar: limit=6MB
[BROWSER] [APP] Module evaluating...
[BROWSER] [DEBUG] app.js IIFE running
[BROWSER] [DEBUG] preferredDefaultRoute: homeView= labs
[BROWSER] [DEBUG] onDomReady: Calling ensureDefaultRoute
[BROWSER] [DEBUG] preferredDefaultRoute: homeView= labs
[BROWSER] [Selection] buildDetail: app:boot ResultSource: app:boot
[BROWSER] [Selection] emit: app:boot Ids: []
[BROWSER] [Selection] buildDetail: app:boot ResultSource: app:boot
[BROWSER] [Selection] emit: app:boot Ids: []
[BROWSER] [DEBUG] preferredDefaultRoute: homeView= labs
[BROWSER] [Selection] buildDetail: app:boot ResultSource: app:boot
[BROWSER] [Selection] emit: app:boot Ids: []
[BROWSER] [Selection] buildDetail: app:boot ResultSource: app:boot
[BROWSER] [Selection] emit: app:boot Ids: []
[BROWSER] [DEBUG] onDomReady executing
[BROWSER] [DEBUG] #main-nav found, attaching listener
[BROWSER] [DEBUG] preferredDefaultRoute: homeView= labs
[BROWSER] [DEBUG] preferredDefaultRoute: homeView= labs
[BROWSER] [DEBUG] wiring table JSHandle@node
[BROWSER] [DEBUG] wiring table JSHandle@node
[BROWSER] [DEBUG] wiring table JSHandle@node
[BROWSER] [DEBUG] wiring table JSHandle@node
[BROWSER] [DEBUG] wiring table JSHandle@node
[BROWSER] [DEBUG] preferredDefaultRoute: homeView= labs
[BROWSER] [CRM_DEBUG_UI] {label: after-resetUiInteractivity, overlays: 0, loadingHosts: 0, dialogOpen: 0, qaOverlays: 0}
[BROWSER] [CRM_DEBUG_UI] {label: after-resetUiInteractivity, overlays: 0, loadingHosts: 0, dialogOpen: 0, qaOverlays: 0}
[BROWSER] [QC] overlay reset editor-close
[BROWSER] [CRM_DEBUG_UI] {label: after-resetUiInteractivity, overlays: 0, loadingHosts: 0, dialogOpen: 0, qaOverlays: 0}
[BROWSER] [QC] overlay reset editor-close
[BROWSER] [labs] requesting bundle
[BROWSER] [VIS] quick-add: header-only
[BROWSER] [labs] bundle ready
[BROWSER] Settings API unavailable
[BROWSER] REL_SUMMARY {nodes: 60, edges: 40, keyboardAccess: true}
[BROWSER] [LABS] mountLabsDashboard called
[BROWSER] [LABS] model loaded {contactCount: 0, partnerCount: 21, taskCount: 83}
[BROWSER] [LABS] rendered widget focus
[BROWSER] [LABS] rendered widget labsKpiSummary
[BROWSER] [LABS] rendered widget labsPipelineSnapshot
[BROWSER] [LABS] rendered widget goalProgress
[BROWSER] [LABS] rendered widget labsTasks
[BROWSER] [LABS] rendered widget today
[BROWSER] [LABS] rendered widget todo
[BROWSER] [LABS] rendered widget priorityActions
[BROWSER] [LABS] rendered widget favorites
[BROWSER] [LABS] rendered widget milestones
[BROWSER] [LABS] rendered widget partnerPortfolio
[BROWSER] [LABS] rendered widget referralLeaderboard
[BROWSER] [LABS] rendered widget referralTrends
[BROWSER] [LABS] rendered widget relationshipOpportunities
[BROWSER] [LABS] rendered widget closingWatch
[BROWSER] [LABS] rendered widget upcomingCelebrations
[BROWSER] [vNext] Initializing grid for overview
[BROWSER] [ZNEXT] enableVNextGrid entered
[BROWSER] [ZNEXT] Checking GridStack true
[BROWSER] ✅ [Labs QA] Zero-Unknown Contract passed (text scan).
[BROWSER] [labs:parity] Top-N ID mismatches detected [Object, Object, Object, Object, Object]
[BROWSER] [labs:parity] Data mismatches detected {stageDiffs: Array(0), taskDiffs: Array(1), staleDiffs: Array(0)}
[BROWSER] [configurable-dashboard] Settings API not available
[BROWSER] [configurable-dashboard] Settings API not available
[BROWSER] [labs] CRM Dashboard (Configurable) rendered
[BROWSER] [labs] CRM Labs dashboard rendered
[BROWSER] [VIS] polish applied:commissions-empty
[BROWSER] Seed complete. Count: 4
[BROWSER] [BOOT] loadModules called with: [./patch_20250923_baseline.js, ./patch_20250924_bootstrap_ready.js, ./patch_2025-09-26_phase1_pipeline_partners.js, ./patch_2025-09-26_phase2_automations.js, ./patch_20250926_ctc_actionbar.js, ./patch_2025-09-27_doccenter2.js, ./patch_2025-09-27_contact_linking_5A.js, ./patch_2025-09-27_contact_linking_5B.js, ./patch_2025-09-27_contact_linking_5C.js, ./patch_2025-09-27_merge_ui.js, ./patch_2025-09-27_nth_bundle_and_qa.js, ./patch_2025-09-27_masterfix.js, ./patch_2025-09-27_release_prep.js, ./patches/polish_overlay_ready.js, ./patch_2025-10-02_baseline_ux_cleanup.js, ./patch_2025-10-02_medium_nice.js, ./patch_2025-10-03_calendar_ics_button.js, ./patch_2025-10-03_automation_seed.js, ./contacts_merge.js, ./contacts_merge_orchestrator.js, ./pipeline/kanban_dnd.js, ./patches/patch_2025-10-23_session_beacon.js, ./ui/Toast.js, ./ui/Confirm.js, ./data/settings.js, ./data/seed.js, ./migrations.js, ./templates.js, ./filters.js, ./state/selectionStore.js, ./state/actionBarGuards.js, ./ui/notifications_panel.js, ./ui/action_bar.js, ./ui/merge_modal.js, ./debug/overlay.js, ./quick_add.js, ./doccenter_rules.js, ./contacts.js, ./partners.js, ./partners_detail.js, ./partners_modal.js, ./partners/list.js, ./partners_merge.js, ./partners_merge_orchestrator.js, ./dash_range.js, ./importer.js, ./reports.js, ./notifications.js, ./calendar_impl.js, ./calendar_actions.js, ./calendar.js, ./calendar_ics.js, ./diagnostics_quiet.js, ./doc/doc_center_enhancer.js, ./email/templates_store.js, ./importer_contacts.js, ./importer_helpers.js, ./importer_partners.js, ./merge/merge_core.js, ./notifications/notifier.js, ./patches/loader.js, ./selftest.js, ./selftest_panel.js, ../seed_test_data.js, ./snapshot.js, ./ui/GhostButton.js, ./ui/PrimaryButton.js, ./ui/loading_block.js, ./ui/form_footer.js, ./ui/header_toolbar.js, ./ui/table_layout.js, ./ui/route_toast_sentinel.js, ./ui/quick_add_unified.js, ./ui/settings_form.js, ./ui/strings.js, ./util/strings.js, ./ux/svg_sanitizer.js, ./services/selection_adapter.js, ./services/selection_fallback.js, ./core/capabilities_probe.js]
[BROWSER] [patch_2025-09-26_phase1_pipeline_partners.init] complete
[BROWSER] [patch_20250926_ctc_actionbar] Loading...
[BROWSER] [patch_20250926_ctc_actionbar] init called
[BROWSER] [Selection] buildDetail: patch_20250926:hard_reset ResultSource: patch_20250926:hard_reset
[BROWSER] [Selection] emit: patch_20250926:hard_reset Ids: []
[BROWSER] [Selection] buildDetail: patch_20250926:hard_reset ResultSource: patch_20250926:hard_reset
[BROWSER] [Selection] emit: patch_20250926:hard_reset Ids: []
[BROWSER] [patch_20250926_ctc_actionbar.init] complete
[BROWSER] [patch_2025-09-27_doccenter2.init] complete
[BROWSER] Normalized 4 contact stage(s) to canonical slug.
[BROWSER] [renderGuard] flushDispatch queue length: 1
[BROWSER] [renderGuard] [0] source: patch:stage-canonical ids: N/A reason: undefined
[BROWSER] [renderGuard] dispatching: N/A
[BROWSER] [app] app:data:changed missing scope {source: patch:stage-canonical, normalized: 4, batchSize: 1, reason: undefined, scope: }
[BROWSER] [app] app:data:changed {source: patch:stage-canonical, normalized: 4, batchSize: 1, reason: undefined, scope: }
[BROWSER] Settings API unavailable
[BROWSER] [labs] CRM data changed, refreshing... {source: patch:stage-canonical, normalized: 4, batchSize: 1, reason: undefined, scope: }
[BROWSER] [APP_RENDER] full 1767738286566
[BROWSER] [labs] scheduling model recompute app:data:changed
[BROWSER] [Selection] buildDetail: clear ResultSource: clear
[BROWSER] [Selection] emit: clear Ids: []
[BROWSER] [DEBUG] #main-nav click JSHandle@node
[BROWSER] [DEBUG] Nav target: contacts
[BROWSER] [CRM_DEBUG_UI] {label: after-resetUiInteractivity, overlays: 0, loadingHosts: 0, dialogOpen: 0, qaOverlays: 0}
[BROWSER] [CRM_DEBUG_UI] {label: after-resetUiInteractivity, overlays: 0, loadingHosts: 0, dialogOpen: 0, qaOverlays: 0}
[BROWSER] [QC] overlay reset editor-close
[BROWSER] [CRM_DEBUG_UI] {label: after-resetUiInteractivity, overlays: 0, loadingHosts: 0, dialogOpen: 0, qaOverlays: 0}
[BROWSER] [QC] overlay reset editor-close
[BROWSER] [LABS] model loaded {contactCount: 0, partnerCount: 21, taskCount: 95}
[BROWSER] [LABS] rendered widget focus
[BROWSER] [LABS] rendered widget labsKpiSummary
[BROWSER] [LABS] rendered widget labsPipelineSnapshot
[BROWSER] [LABS] rendered widget goalProgress
[BROWSER] [LABS] rendered widget labsTasks
[BROWSER] [LABS] rendered widget today
[BROWSER] [LABS] rendered widget todo
[BROWSER] [LABS] rendered widget priorityActions
[BROWSER] [LABS] rendered widget favorites
[BROWSER] [LABS] rendered widget milestones
[BROWSER] [LABS] rendered widget partnerPortfolio
[BROWSER] [LABS] rendered widget referralLeaderboard
[BROWSER] [LABS] rendered widget referralTrends
[BROWSER] [LABS] rendered widget relationshipOpportunities
[BROWSER] [LABS] rendered widget closingWatch
[BROWSER] [LABS] rendered widget upcomingCelebrations
[BROWSER] [vNext] Initializing grid for overview
[BROWSER] [ZNEXT] enableVNextGrid entered
[BROWSER] [ZNEXT] Checking GridStack true
[BROWSER] [renderGuard] flushDispatch queue length: 1
[BROWSER] [renderGuard] [0] source: seed:inline ids: N/A reason: undefined
[BROWSER] [renderGuard] dispatching: N/A
[BROWSER] [app] app:data:changed missing scope {source: seed:inline, batchSize: 1, reason: undefined, scope: }
[BROWSER] [app] app:data:changed {source: seed:inline, batchSize: 1, reason: undefined, scope: }
[BROWSER] [labs] CRM data changed, refreshing... {source: seed:inline, batchSize: 1, reason: undefined, scope: }
[BROWSER] [VIS] action-bar plus removed
[BROWSER] [APP_RENDER] full 1767738287942
[BROWSER] [labs] scheduling model recompute app:data:changed
[BROWSER] [LABS] model loaded {contactCount: 0, partnerCount: 21, taskCount: 103}
[BROWSER] [LABS] rendered widget focus
[BROWSER] [LABS] rendered widget labsKpiSummary
[BROWSER] [LABS] rendered widget labsPipelineSnapshot
[BROWSER] [LABS] rendered widget goalProgress
[BROWSER] [LABS] rendered widget labsTasks
[BROWSER] [LABS] rendered widget today
[BROWSER] [LABS] rendered widget todo
[BROWSER] [LABS] rendered widget priorityActions
[BROWSER] [LABS] rendered widget favorites
[BROWSER] [LABS] rendered widget milestones
[BROWSER] [LABS] rendered widget partnerPortfolio
[BROWSER] [LABS] rendered widget referralLeaderboard
[BROWSER] [LABS] rendered widget referralTrends
[BROWSER] [LABS] rendered widget relationshipOpportunities
[BROWSER] [LABS] rendered widget closingWatch
[BROWSER] [LABS] rendered widget upcomingCelebrations
[BROWSER] [vNext] Initializing grid for overview
[BROWSER] [ZNEXT] enableVNextGrid entered
[BROWSER] [ZNEXT] Checking GridStack true
[BROWSER] [Selection] buildDetail: partners:list-init ResultSource: partners:list-init
[BROWSER] [Selection] emit: partners:list-init Ids: []
[BROWSER] [A_BEACON] actionbar:centered
[BROWSER] [Selection] buildDetail: row-check ResultSource: row-check
[BROWSER] [Selection] emit: row-check Ids: [del-1]
[BROWSER] [Selection] buildDetail: row-check ResultSource: row-check
[BROWSER] [Selection] emit: row-check Ids: [del-1]
[BROWSER] [DEBUG] handleTableChange JSHandle@node select row-check
[BROWSER] [renderGuard] flushDispatch queue length: 1
[BROWSER] [renderGuard] [0] source: undefined ids: 1 reason: undefined
[BROWSER] [renderGuard] dispatching: 1
[BROWSER] [WARN] Multiple app:data:changed events detected {count: 2, windowMs: 512, detail: Object}
[BROWSER] [app] app:data:changed {scope: selection, selectionScope: contacts, ids: Array(1), batchSize: 1, reason: undefined}
[BROWSER] [labs] CRM data changed, refreshing... {scope: selection, selectionScope: contacts, ids: Array(1), batchSize: 1, reason: undefined}
[BROWSER] [labs] scheduling model recompute app:data:changed
[BROWSER] [LABS] model loaded {contactCount: 0, partnerCount: 21, taskCount: 103}
[BROWSER] [LABS] rendered widget focus
[BROWSER] [LABS] rendered widget labsKpiSummary
[BROWSER] [LABS] rendered widget labsPipelineSnapshot
[BROWSER] [LABS] rendered widget goalProgress
[BROWSER] [LABS] rendered widget labsTasks
[BROWSER] [LABS] rendered widget today
[BROWSER] [LABS] rendered widget todo
[BROWSER] [LABS] rendered widget priorityActions
[BROWSER] [LABS] rendered widget favorites
[BROWSER] [LABS] rendered widget milestones
[BROWSER] [LABS] rendered widget partnerPortfolio
[BROWSER] [LABS] rendered widget referralLeaderboard
[BROWSER] [LABS] rendered widget referralTrends
[BROWSER] [LABS] rendered widget relationshipOpportunities
[BROWSER] [LABS] rendered widget closingWatch
[BROWSER] [LABS] rendered widget upcomingCelebrations
[BROWSER] [vNext] Initializing grid for overview
[BROWSER] [ZNEXT] enableVNextGrid entered
[BROWSER] [ZNEXT] Checking GridStack true
[BROWSER] [Selection] buildDetail: row-check ResultSource: row-check
[BROWSER] [Selection] emit: row-check Ids: [del-1, del-2]
[BROWSER] [Selection] buildDetail: row-check ResultSource: row-check
[BROWSER] [Selection] emit: row-check Ids: [del-1, del-2]
[BROWSER] [DEBUG] handleTableChange JSHandle@node select row-check
[BROWSER] [renderGuard] flushDispatch queue length: 1
[BROWSER] [renderGuard] [0] source: undefined ids: 2 reason: undefined
[BROWSER] [renderGuard] dispatching: 2
[BROWSER] [app] app:data:changed {scope: selection, selectionScope: contacts, ids: Array(2), batchSize: 1, reason: undefined}
[BROWSER] [labs] CRM data changed, refreshing... {scope: selection, selectionScope: contacts, ids: Array(2), batchSize: 1, reason: undefined}
[BROWSER] [VIS] polish applied:reports-empty
[BROWSER] Boot OK — modules:3 failures:0
[BROWSER] [labs] scheduling model recompute app:data:changed
[BROWSER] [LABS] model loaded {contactCount: 0, partnerCount: 21, taskCount: 103}
[BROWSER] [LABS] rendered widget focus
[BROWSER] [LABS] rendered widget labsKpiSummary
[BROWSER] [LABS] rendered widget labsPipelineSnapshot
[BROWSER] [LABS] rendered widget goalProgress
[BROWSER] [LABS] rendered widget labsTasks
[BROWSER] [LABS] rendered widget today
[BROWSER] [LABS] rendered widget todo
[BROWSER] [LABS] rendered widget priorityActions
[BROWSER] [LABS] rendered widget favorites
[BROWSER] [LABS] rendered widget milestones
[BROWSER] [LABS] rendered widget partnerPortfolio
[BROWSER] [LABS] rendered widget referralLeaderboard
[BROWSER] [LABS] rendered widget referralTrends
[BROWSER] [LABS] rendered widget relationshipOpportunities
[BROWSER] [LABS] rendered widget closingWatch
[BROWSER] [LABS] rendered widget upcomingCelebrations
[BROWSER] [vNext] Initializing grid for overview
[BROWSER] [ZNEXT] enableVNextGrid entered
[BROWSER] [ZNEXT] Checking GridStack true
[BROWSER] [Selection] buildDetail: row-check ResultSource: row-check
[BROWSER] [Selection] emit: row-check Ids: [del-1, del-2, del-3]
[BROWSER] [Selection] buildDetail: row-check ResultSource: row-check
[BROWSER] [Selection] emit: row-check Ids: [del-1, del-2, del-3]
[BROWSER] [DEBUG] handleTableChange JSHandle@node select row-check
[BROWSER] [renderGuard] flushDispatch queue length: 1
[BROWSER] [renderGuard] [0] source: undefined ids: 3 reason: undefined
[BROWSER] [renderGuard] dispatching: 3
[BROWSER] [WARN] Multiple app:data:changed events detected {count: 2, windowMs: 400, detail: Object}
[BROWSER] [app] app:data:changed {scope: selection, selectionScope: contacts, ids: Array(3), batchSize: 1, reason: undefined}
[BROWSER] [labs] CRM data changed, refreshing... {scope: selection, selectionScope: contacts, ids: Array(3), batchSize: 1, reason: undefined}
[BROWSER] [selftest] warn Module-only invariant failed [Non-module script for app code: /js/boot/early_trap.js]
[BROWSER] PATCHES_LOADED [/js/patch_2025-09-26_phase1_pipeline_partners.js, /js/patch_20250926_ctc_actionbar.js, /js/patch_2025-09-27_doccenter2.js]
[BROWSER] Selftest: required patches missing (manifest enforcement). {missing: Array(80), loaded: Array(3), expected: Array(80)}
[BROWSER] [soft] PATCHES_MISSING [http://127.0.0.1:8080/js/patch_20250923_baseline.js, http://127.0.0.1:8080/js/patch_20250924_bootstrap_ready.js, http://127.0.0.1:8080/js/patch_2025-09-26_phase1_pipeline_partners.js, http://127.0.0.1:8080/js/patch_2025-09-26_phase2_automations.js, http://127.0.0.1:8080/js/patch_20250926_ctc_actionbar.js, http://127.0.0.1:8080/js/patch_2025-09-27_doccenter2.js, http://127.0.0.1:8080/js/patch_2025-09-27_contact_linking_5A.js, http://127.0.0.1:8080/js/patch_2025-09-27_contact_linking_5B.js, http://127.0.0.1:8080/js/patch_2025-09-27_contact_linking_5C.js, http://127.0.0.1:8080/js/patch_2025-09-27_merge_ui.js, http://127.0.0.1:8080/js/patch_2025-09-27_nth_bundle_and_qa.js, http://127.0.0.1:8080/js/patch_2025-09-27_masterfix.js, http://127.0.0.1:8080/js/patch_2025-09-27_release_prep.js, http://127.0.0.1:8080/js/patches/polish_overlay_ready.js, http://127.0.0.1:8080/js/patch_2025-10-02_baseline_ux_cleanup.js, http://127.0.0.1:8080/js/patch_2025-10-02_medium_nice.js, http://127.0.0.1:8080/js/patch_2025-10-03_calendar_ics_button.js, http://127.0.0.1:8080/js/patch_2025-10-03_automation_seed.js, http://127.0.0.1:8080/js/contacts_merge.js, http://127.0.0.1:8080/js/contacts_merge_orchestrator.js, http://127.0.0.1:8080/js/pipeline/kanban_dnd.js, http://127.0.0.1:8080/js/patches/patch_2025-10-23_session_beacon.js, http://127.0.0.1:8080/js/ui/Toast.js, http://127.0.0.1:8080/js/ui/Confirm.js, http://127.0.0.1:8080/js/data/settings.js, http://127.0.0.1:8080/js/data/seed.js, http://127.0.0.1:8080/js/migrations.js, http://127.0.0.1:8080/js/templates.js, http://127.0.0.1:8080/js/filters.js, http://127.0.0.1:8080/js/state/selectionStore.js, http://127.0.0.1:8080/js/state/actionBarGuards.js, http://127.0.0.1:8080/js/ui/notifications_panel.js, http://127.0.0.1:8080/js/ui/action_bar.js, http://127.0.0.1:8080/js/ui/merge_modal.js, http://127.0.0.1:8080/js/debug/overlay.js, http://127.0.0.1:8080/js/quick_add.js, http://127.0.0.1:8080/js/doccenter_rules.js, http://127.0.0.1:8080/js/contacts.js, http://127.0.0.1:8080/js/partners.js, http://127.0.0.1:8080/js/partners_detail.js, http://127.0.0.1:8080/js/partners_modal.js, http://127.0.0.1:8080/js/partners/list.js, http://127.0.0.1:8080/js/partners_merge.js, http://127.0.0.1:8080/js/partners_merge_orchestrator.js, http://127.0.0.1:8080/js/dash_range.js, http://127.0.0.1:8080/js/importer.js, http://127.0.0.1:8080/js/reports.js, http://127.0.0.1:8080/js/notifications.js, http://127.0.0.1:8080/js/calendar_impl.js, http://127.0.0.1:8080/js/calendar_actions.js, http://127.0.0.1:8080/js/calendar.js, http://127.0.0.1:8080/js/calendar_ics.js, http://127.0.0.1:8080/js/diagnostics_quiet.js, http://127.0.0.1:8080/js/doc/doc_center_enhancer.js, http://127.0.0.1:8080/js/email/templates_store.js, http://127.0.0.1:8080/js/importer_contacts.js, http://127.0.0.1:8080/js/importer_helpers.js, http://127.0.0.1:8080/js/importer_partners.js, http://127.0.0.1:8080/js/merge/merge_core.js, http://127.0.0.1:8080/js/notifications/notifier.js, http://127.0.0.1:8080/js/patches/loader.js, http://127.0.0.1:8080/js/selftest.js, http://127.0.0.1:8080/js/selftest_panel.js, http://127.0.0.1:8080/seed_test_data.js, http://127.0.0.1:8080/js/snapshot.js, http://127.0.0.1:8080/js/ui/GhostButton.js, http://127.0.0.1:8080/js/ui/PrimaryButton.js, http://127.0.0.1:8080/js/ui/loading_block.js, http://127.0.0.1:8080/js/ui/form_footer.js, http://127.0.0.1:8080/js/ui/header_toolbar.js, http://127.0.0.1:8080/js/ui/table_layout.js, http://127.0.0.1:8080/js/ui/route_toast_sentinel.js, http://127.0.0.1:8080/js/ui/quick_add_unified.js, http://127.0.0.1:8080/js/ui/settings_form.js, http://127.0.0.1:8080/js/ui/strings.js, http://127.0.0.1:8080/js/util/strings.js, http://127.0.0.1:8080/js/ux/svg_sanitizer.js, http://127.0.0.1:8080/js/services/selection_adapter.js, http://127.0.0.1:8080/js/services/selection_fallback.js, http://127.0.0.1:8080/js/core/capabilities_probe.js]
[BROWSER] [soft] Selftest: manifest-declared patches missing {missing: Array(80), loaded: Array(3), expected: Array(80)}
[BROWSER] [selftest] fail Missing manifest patches: http://127.0.0.1:8080/js/patch_20250923_baseline.js, http://127.0.0.1:8080/js/patch_20250924_bootstrap_ready.js, http://127.0.0.1:8080/js/patch_2025-09-26_phase1_pipeline_partners.js, http://127.0.0.1:8080/js/patch_2025-09-26_phase2_automations.js, http://127.0.0.1:8080/js/patch_20250926_ctc_actionbar.js, http://127.0.0.1:8080/js/patch_2025-09-27_doccenter2.js, http://127.0.0.1:8080/js/patch_2025-09-27_contact_linking_5A.js, http://127.0.0.1:8080/js/patch_2025-09-27_contact_linking_5B.js, http://127.0.0.1:8080/js/patch_2025-09-27_contact_linking_5C.js, http://127.0.0.1:8080/js/patch_2025-09-27_merge_ui.js, http://127.0.0.1:8080/js/patch_2025-09-27_nth_bundle_and_qa.js, http://127.0.0.1:8080/js/patch_2025-09-27_masterfix.js, http://127.0.0.1:8080/js/patch_2025-09-27_release_prep.js, http://127.0.0.1:8080/js/patches/polish_overlay_ready.js, http://127.0.0.1:8080/js/patch_2025-10-02_baseline_ux_cleanup.js, http://127.0.0.1:8080/js/patch_2025-10-02_medium_nice.js, http://127.0.0.1:8080/js/patch_2025-10-03_calendar_ics_button.js, http://127.0.0.1:8080/js/patch_2025-10-03_automation_seed.js, http://127.0.0.1:8080/js/contacts_merge.js, http://127.0.0.1:8080/js/contacts_merge_orchestrator.js, http://127.0.0.1:8080/js/pipeline/kanban_dnd.js, http://127.0.0.1:8080/js/patches/patch_2025-10-23_session_beacon.js, http://127.0.0.1:8080/js/ui/Toast.js, http://127.0.0.1:8080/js/ui/Confirm.js, http://127.0.0.1:8080/js/data/settings.js, http://127.0.0.1:8080/js/data/seed.js, http://127.0.0.1:8080/js/migrations.js, http://127.0.0.1:8080/js/templates.js, http://127.0.0.1:8080/js/filters.js, http://127.0.0.1:8080/js/state/selectionStore.js, http://127.0.0.1:8080/js/state/actionBarGuards.js, http://127.0.0.1:8080/js/ui/notifications_panel.js, http://127.0.0.1:8080/js/ui/action_bar.js, http://127.0.0.1:8080/js/ui/merge_modal.js, http://127.0.0.1:8080/js/debug/overlay.js, http://127.0.0.1:8080/js/quick_add.js, http://127.0.0.1:8080/js/doccenter_rules.js, http://127.0.0.1:8080/js/contacts.js, http://127.0.0.1:8080/js/partners.js, http://127.0.0.1:8080/js/partners_detail.js, http://127.0.0.1:8080/js/partners_modal.js, http://127.0.0.1:8080/js/partners/list.js, http://127.0.0.1:8080/js/partners_merge.js, http://127.0.0.1:8080/js/partners_merge_orchestrator.js, http://127.0.0.1:8080/js/dash_range.js, http://127.0.0.1:8080/js/importer.js, http://127.0.0.1:8080/js/reports.js, http://127.0.0.1:8080/js/notifications.js, http://127.0.0.1:8080/js/calendar_impl.js, http://127.0.0.1:8080/js/calendar_actions.js, http://127.0.0.1:8080/js/calendar.js, http://127.0.0.1:8080/js/calendar_ics.js, http://127.0.0.1:8080/js/diagnostics_quiet.js, http://127.0.0.1:8080/js/doc/doc_center_enhancer.js, http://127.0.0.1:8080/js/email/templates_store.js, http://127.0.0.1:8080/js/importer_contacts.js, http://127.0.0.1:8080/js/importer_helpers.js, http://127.0.0.1:8080/js/importer_partners.js, http://127.0.0.1:8080/js/merge/merge_core.js, http://127.0.0.1:8080/js/notifications/notifier.js, http://127.0.0.1:8080/js/patches/loader.js, http://127.0.0.1:8080/js/selftest.js, http://127.0.0.1:8080/js/selftest_panel.js, http://127.0.0.1:8080/seed_test_data.js, http://127.0.0.1:8080/js/snapshot.js, http://127.0.0.1:8080/js/ui/GhostButton.js, http://127.0.0.1:8080/js/ui/PrimaryButton.js, http://127.0.0.1:8080/js/ui/loading_block.js, http://127.0.0.1:8080/js/ui/form_footer.js, http://127.0.0.1:8080/js/ui/header_toolbar.js, http://127.0.0.1:8080/js/ui/table_layout.js, http://127.0.0.1:8080/js/ui/route_toast_sentinel.js, http://127.0.0.1:8080/js/ui/quick_add_unified.js, http://127.0.0.1:8080/js/ui/settings_form.js, http://127.0.0.1:8080/js/ui/strings.js, http://127.0.0.1:8080/js/util/strings.js, http://127.0.0.1:8080/js/ux/svg_sanitizer.js, http://127.0.0.1:8080/js/services/selection_adapter.js, http://127.0.0.1:8080/js/services/selection_fallback.js, http://127.0.0.1:8080/js/core/capabilities_probe.js
[BROWSER] [selftest] skip Workbench disabled in prod (expected).
[BROWSER] Selftest: telemetry helpers unavailable in production context; treating as diagnostic warn.
[BROWSER] [selftest] info Telemetry helpers inactive in prod (expected noop).
[BROWSER] [selftest] fail Self-test FAIL — review console for details.
[BROWSER] [selftest] pass renderAll available
[BROWSER] [Selection] buildDetail: app:scopes-reset ResultSource: app:scopes-reset
[BROWSER] [Selection] emit: app:scopes-reset Ids: []
[BROWSER] [app] app:data:changed missing scope {source: selftest}
[BROWSER] [app] app:data:changed {source: selftest}
[BROWSER] [labs] CRM data changed, refreshing... {source: selftest}
[BROWSER] [renderGuard] flushDispatch queue length: 1
[BROWSER] [renderGuard] [0] source: undefined ids: 0 reason: undefined
[BROWSER] [renderGuard] dispatching: 0
[BROWSER] [app] app:data:changed {scope: selection, selectionScope: contacts, ids: Array(0), batchSize: 1, reason: undefined}
[BROWSER] [labs] CRM data changed, refreshing... {scope: selection, selectionScope: contacts, ids: Array(0), batchSize: 1, reason: undefined}
[BROWSER] [selftest] fail app:data:changed triggered 0 requestRender calls but no repaint
[BROWSER] [selftest] skip SeedDemoData not available; seed tripwire skipped
[BROWSER] [selftest] warn Importer did not emit any changes
[BROWSER] [labs] scheduling model recompute app:data:changed
[BROWSER] [APP_RENDER] full 1767738289327
[BROWSER] [LABS] model loaded {contactCount: 0, partnerCount: 21, taskCount: 103}
[BROWSER] [LABS] rendered widget focus
[BROWSER] [LABS] rendered widget labsKpiSummary
[BROWSER] [LABS] rendered widget labsPipelineSnapshot
[BROWSER] [LABS] rendered widget goalProgress
[BROWSER] [LABS] rendered widget labsTasks
[BROWSER] [LABS] rendered widget today
[BROWSER] [LABS] rendered widget todo
[BROWSER] [LABS] rendered widget priorityActions
[BROWSER] [LABS] rendered widget favorites
[BROWSER] [LABS] rendered widget milestones
[BROWSER] [LABS] rendered widget partnerPortfolio
[BROWSER] [LABS] rendered widget referralLeaderboard
[BROWSER] [LABS] rendered widget referralTrends
[BROWSER] [LABS] rendered widget relationshipOpportunities
[BROWSER] [LABS] rendered widget closingWatch
[BROWSER] [LABS] rendered widget upcomingCelebrations
[BROWSER] [vNext] Initializing grid for overview
[BROWSER] [ZNEXT] enableVNextGrid entered
[BROWSER] [ZNEXT] Checking GridStack true
[BROWSER] [renderGuard] flushDispatch queue length: 1
[BROWSER] [renderGuard] [0] source: undefined ids: N/A reason: undefined
[BROWSER] [renderGuard] dispatching: N/A
[BROWSER] [app] app:data:changed unknown scope [import] {scope: import, entity: partners, partial: true, batchSize: 1, reason: undefined}
[BROWSER] [app] app:data:changed {scope: import, entity: partners, partial: true, batchSize: 1, reason: undefined}
[BROWSER] [labs] CRM data changed, refreshing... {scope: import, entity: partners, partial: true, batchSize: 1, reason: undefined}
[BROWSER] [A_BEACON] header loaded
[BROWSER] [A_BEACON] avatar: limit=6MB
[BROWSER] [APP_RENDER] full 1767738289569
[BROWSER] [A_BEACON] route toast wired
[BROWSER] [labs] scheduling model recompute app:data:changed
[BROWSER] [LABS] model loaded {contactCount: 0, partnerCount: 21, taskCount: 103}
[BROWSER] [LABS] rendered widget focus
[BROWSER] [LABS] rendered widget labsKpiSummary
[BROWSER] [LABS] rendered widget labsPipelineSnapshot
[BROWSER] [LABS] rendered widget goalProgress
[BROWSER] [LABS] rendered widget labsTasks
[BROWSER] [LABS] rendered widget today
[BROWSER] [LABS] rendered widget todo
[BROWSER] [LABS] rendered widget priorityActions
[BROWSER] [LABS] rendered widget favorites
[BROWSER] [LABS] rendered widget milestones
[BROWSER] [LABS] rendered widget partnerPortfolio
[BROWSER] [LABS] rendered widget referralLeaderboard
[BROWSER] [LABS] rendered widget referralTrends
[BROWSER] [LABS] rendered widget relationshipOpportunities
[BROWSER] [LABS] rendered widget closingWatch
[BROWSER] [LABS] rendered widget upcomingCelebrations
[BROWSER] [vNext] Initializing grid for overview
[BROWSER] [ZNEXT] enableVNextGrid entered
[BROWSER] [ZNEXT] Checking GridStack true
[BROWSER] [BOOT] services registry warming up (expected during cold start)
[BROWSER] [renderGuard] flushDispatch queue length: 1
[BROWSER] [renderGuard] [0] source: seed:inline ids: N/A reason: undefined
[BROWSER] [renderGuard] dispatching: N/A
[BROWSER] [WARN] Multiple app:data:changed events detected {count: 2, windowMs: 298, detail: Object}
[BROWSER] [app] app:data:changed missing scope {source: seed:inline, batchSize: 1, reason: undefined, scope: }
[BROWSER] [app] app:data:changed {source: seed:inline, batchSize: 1, reason: undefined, scope: }
[BROWSER] [labs] CRM data changed, refreshing... {source: seed:inline, batchSize: 1, reason: undefined, scope: }
[BROWSER] BOOT OK
[BROWSER] BOOT OK
[BROWSER] [APP_RENDER] full 1767738289880
[BROWSER] [labs] scheduling model recompute app:data:changed
[BROWSER] [LABS] model loaded {contactCount: 0, partnerCount: 21, taskCount: 103}
[BROWSER] [LABS] rendered widget focus
[BROWSER] [LABS] rendered widget labsKpiSummary
[BROWSER] [LABS] rendered widget labsPipelineSnapshot
[BROWSER] [LABS] rendered widget goalProgress
[BROWSER] [LABS] rendered widget labsTasks
[BROWSER] [LABS] rendered widget today
[BROWSER] [LABS] rendered widget todo
[BROWSER] [LABS] rendered widget priorityActions
[BROWSER] [LABS] rendered widget favorites
[BROWSER] [LABS] rendered widget milestones
[BROWSER] [LABS] rendered widget partnerPortfolio
[BROWSER] [LABS] rendered widget referralLeaderboard
[BROWSER] [LABS] rendered widget referralTrends
[BROWSER] [LABS] rendered widget relationshipOpportunities
[BROWSER] [LABS] rendered widget closingWatch
[BROWSER] [LABS] rendered widget upcomingCelebrations
[BROWSER] [vNext] Initializing grid for overview
[BROWSER] [ZNEXT] enableVNextGrid entered
[BROWSER] [ZNEXT] Checking GridStack true
[BROWSER] [BOOT] soft prerequisite incomplete: services registry ready in http://127.0.0.1:8080/js/boot/contracts/services.js
[BROWSER] [BOOT] loader.js detected - delegating orchestration
[BROWSER] [CRM] {type: phase:module, phaseName: SHELL, module: http://127.0.0.1:8080/js/ui_shims.js, ok: true, usedInit: false}
[BROWSER] [CRM] {type: phase:module, phaseName: SHELL, module: http://127.0.0.1:8080/js/ui/action_bar.js, ok: true, usedInit: false}
[BROWSER] [CRM] {type: phase:module, phaseName: SHELL, module: http://127.0.0.1:8080/js/debug/overlay.js, ok: true, usedInit: false}
[BROWSER] [CRM] {type: phase:module, phaseName: SHELL, module: http://127.0.0.1:8080/js/templates.js, ok: true, usedInit: false}
[BROWSER] [CRM] {type: phase:module, phaseName: SHELL, module: http://127.0.0.1:8080/js/filters.js, ok: true, usedInit: false}
[BROWSER] [CRM] {type: phase:module, phaseName: SHELL, module: http://127.0.0.1:8080/js/render.js, ok: true, usedInit: false}
[BROWSER] [CRM] {type: phase:done, phaseName: SHELL, count: 6}
[BROWSER] [CRM] [phase] SHELL complete {count: 6, errors: 0}
[BROWSER] [CRM] [contacts_merge.init] complete
[BROWSER] [CRM] {type: phase:module, phaseName: SERVICES, module: http://127.0.0.1:8080/js/contacts_merge.js, ok: true, usedInit: true}
[BROWSER] [CRM] [contacts_merge_orchestrator.init] complete
[BROWSER] [CRM] {type: phase:module, phaseName: SERVICES, module: http://127.0.0.1:8080/js/contacts_merge_orchestrator.js, ok: true, usedInit: true}
[BROWSER] [CRM] [partners_merge_orchestrator.init] complete
[BROWSER] [CRM] {type: phase:module, phaseName: SERVICES, module: http://127.0.0.1:8080/js/partners_merge_orchestrator.js, ok: true, usedInit: true}
[BROWSER] [CRM] {type: phase:done, phaseName: SERVICES, count: 3}
[BROWSER] [CRM] [phase] SERVICES complete {count: 3, errors: 0}
[BROWSER] [CRM] [patch_2025-10-02_baseline_ux_cleanup.init] complete
[BROWSER] [CRM] {type: phase:module, phaseName: FEATURES, module: http://127.0.0.1:8080/js/patch_2025-10-02_baseline_ux_cleanup.js, ok: true, usedInit: true}
[BROWSER] [CRM] {type: phase:module, phaseName: FEATURES, module: http://127.0.0.1:8080/js/contacts.js, ok: true, usedInit: false}
[BROWSER] [CRM] [partners.init] invoked {alreadyInitialised: true}
[BROWSER] [CRM] {type: phase:module, phaseName: FEATURES, module: http://127.0.0.1:8080/js/partners.js, ok: true, usedInit: true}
[BROWSER] [CRM] {type: phase:module, phaseName: FEATURES, module: http://127.0.0.1:8080/js/calendar_impl.js, ok: true, usedInit: false}
[BROWSER] [CRM] {type: phase:module, phaseName: FEATURES, module: http://127.0.0.1:8080/js/calendar_actions.js, ok: true, usedInit: false}
[BROWSER] [CRM] {type: phase:module, phaseName: FEATURES, module: http://127.0.0.1:8080/js/pages/workbench.js, ok: true, usedInit: false}
[BROWSER] [CRM] {type: phase:module, phaseName: FEATURES, module: http://127.0.0.1:8080/js/calendar.js, ok: true, usedInit: false}
[BROWSER] [APP] Module evaluating...
[BROWSER] [DEBUG] app.js IIFE running
[BROWSER] [DEBUG] preferredDefaultRoute: homeView= labs
[BROWSER] [DEBUG] onDomReady: Calling ensureDefaultRoute
[BROWSER] [DEBUG] preferredDefaultRoute: homeView= labs
[BROWSER] [Selection] buildDetail: app:boot ResultSource: app:boot
[BROWSER] [Selection] emit: app:boot Ids: []
[BROWSER] [Selection] buildDetail: app:boot ResultSource: app:boot
[BROWSER] [Selection] emit: app:boot Ids: []
[BROWSER] [DEBUG] preferredDefaultRoute: homeView= labs
[BROWSER] [Selection] buildDetail: app:boot ResultSource: app:boot
[BROWSER] [Selection] emit: app:boot Ids: []
[BROWSER] [Selection] buildDetail: app:boot ResultSource: app:boot
[BROWSER] [Selection] emit: app:boot Ids: []
[BROWSER] [DEBUG] onDomReady executing
[BROWSER] [DEBUG] #main-nav found, attaching listener
[BROWSER] [DEBUG] preferredDefaultRoute: homeView= labs
[BROWSER] [DEBUG] preferredDefaultRoute: homeView= labs
[BROWSER] [DEBUG] wiring table JSHandle@node
[BROWSER] [DEBUG] wiring table JSHandle@node
[BROWSER] [DEBUG] wiring table JSHandle@node
[BROWSER] [DEBUG] wiring table JSHandle@node
[BROWSER] [DEBUG] wiring table JSHandle@node
[BROWSER] [DEBUG] preferredDefaultRoute: homeView= labs
[BROWSER] [CRM_DEBUG_UI] {label: after-resetUiInteractivity, overlays: 0, loadingHosts: 0, dialogOpen: 0, qaOverlays: 0}
[BROWSER] [CRM_DEBUG_UI] {label: after-resetUiInteractivity, overlays: 0, loadingHosts: 0, dialogOpen: 0, qaOverlays: 0}
[BROWSER] [QC] overlay reset editor-close
[BROWSER] [CRM_DEBUG_UI] {label: after-resetUiInteractivity, overlays: 0, loadingHosts: 0, dialogOpen: 0, qaOverlays: 0}
[BROWSER] [QC] overlay reset editor-close
[BROWSER] [CRM] {type: phase:module, phaseName: FEATURES, module: http://127.0.0.1:8080/js/app.js, ok: true, usedInit: false}
[BROWSER] [CRM] {type: phase:module, phaseName: FEATURES, module: http://127.0.0.1:8080/js/notifications.js, ok: true, usedInit: false}
[BROWSER] [CRM] [patch_2025-09-26_phase4_polish_regression.init] complete
[BROWSER] [Selection] add: __smoke_sel_a__ Size: 1 Type: contacts
[BROWSER] [Selection] buildDetail: add ResultSource: add
[BROWSER] [Selection] emit: add Ids: [__smoke_sel_a__]
[BROWSER] [Selection] add: __smoke_sel_b__ Size: 2 Type: contacts
[BROWSER] [Selection] buildDetail: add ResultSource: add
[BROWSER] [Selection] emit: add Ids: [__smoke_sel_a__, __smoke_sel_b__]
[BROWSER] [Selection] buildDetail: clear ResultSource: clear
[BROWSER] [Selection] emit: clear Ids: []
[BROWSER] [CRM] {type: phase:module, phaseName: FEATURES, module: http://127.0.0.1:8080/js/patch_2025-09-26_phase4_polish_regression.js, ok: true, usedInit: true}
[BROWSER] [CRM] [patch_2025-09-27_contact_linking_5B.init] complete
[BROWSER] [CRM] {type: phase:module, phaseName: FEATURES, module: http://127.0.0.1:8080/js/patch_2025-09-27_contact_linking_5B.js, ok: true, usedInit: true}
[BROWSER] [CRM] [patch_2025-09-27_contact_linking_5A.init] complete
[BROWSER] [CRM] {type: phase:module, phaseName: FEATURES, module: http://127.0.0.1:8080/js/patch_2025-09-27_contact_linking_5A.js, ok: true, usedInit: true}
[BROWSER] [CRM] [patch_2025-09-27_contact_linking_5C.init] complete
[BROWSER] [CRM] {type: phase:module, phaseName: FEATURES, module: http://127.0.0.1:8080/js/patch_2025-09-27_contact_linking_5C.js, ok: true, usedInit: true}
[BROWSER] [patch_2025-09-27_doccenter2.init] complete
[BROWSER] [CRM] [patch_2025-09-27_doccenter2.init] already wired
[BROWSER] [CRM] {type: phase:module, phaseName: FEATURES, module: http://127.0.0.1:8080/js/patch_2025-09-27_doccenter2.js, ok: true, usedInit: true}
[BROWSER] [CRM] [patch_2025-09-27_masterfix.init] complete
[BROWSER] [CRM] {type: phase:module, phaseName: FEATURES, module: http://127.0.0.1:8080/js/patch_2025-09-27_masterfix.js, ok: true, usedInit: true}
[BROWSER] [CRM] [patch_2025-09-27_phase6_polish_telemetry.init] complete
[BROWSER] [CRM] {type: phase:module, phaseName: FEATURES, module: http://127.0.0.1:8080/js/patch_2025-09-27_phase6_polish_telemetry.js, ok: true, usedInit: true}
[BROWSER] [CRM] [patch_2025-09-27_nth_bundle_and_qa.init] complete
[BROWSER] [CRM] {type: phase:module, phaseName: FEATURES, module: http://127.0.0.1:8080/js/patch_2025-09-27_nth_bundle_and_qa.js, ok: true, usedInit: true}
[BROWSER] [CRM] [patch_2025-10-03_automation_seed.init] complete
[BROWSER] [CRM] {type: phase:module, phaseName: FEATURES, module: http://127.0.0.1:8080/js/patch_2025-10-03_automation_seed.js, ok: true, usedInit: true}
[BROWSER] [CRM] [patch_2025-10-03_calendar_ics_button.init] complete
[BROWSER] [CRM] {type: phase:module, phaseName: FEATURES, module: http://127.0.0.1:8080/js/patch_2025-10-03_calendar_ics_button.js, ok: true, usedInit: true}
[BROWSER] [CRM] [patch_20250924_bootstrap_ready.init] complete
[BROWSER] [CRM] {type: phase:module, phaseName: FEATURES, module: http://127.0.0.1:8080/js/patch_20250924_bootstrap_ready.js, ok: true, usedInit: true}
[BROWSER] [CRM] [patch_2025-09-27_merge_ui.init] complete
[BROWSER] [CRM] {type: phase:module, phaseName: FEATURES, module: http://127.0.0.1:8080/js/patch_2025-09-27_merge_ui.js, ok: true, usedInit: true}
[BROWSER] [CRM] [patch_2025-10-02_medium_nice.init] complete
[BROWSER] [CRM] {type: phase:module, phaseName: FEATURES, module: http://127.0.0.1:8080/js/patch_2025-10-02_medium_nice.js, ok: true, usedInit: true}
[BROWSER] [CRM] [patch_2025-09-27_release_prep.init] complete
[BROWSER] [CRM] {type: phase:module, phaseName: FEATURES, module: http://127.0.0.1:8080/js/patch_2025-09-27_release_prep.js, ok: true, usedInit: true}
[BROWSER] [patch_20250926_ctc_actionbar] Loading...
[BROWSER] [patch_20250926_ctc_actionbar] init called
[BROWSER] [patch_20250926_ctc_actionbar.init] complete
[BROWSER] [patch_20250926_ctc_actionbar] init called
[BROWSER] [CRM] [patch_20250926_ctc_actionbar.init] already wired
[BROWSER] [CRM] {type: phase:module, phaseName: FEATURES, module: http://127.0.0.1:8080/js/patch_20250926_ctc_actionbar.js, ok: true, usedInit: true}
[BROWSER] [CRM] {type: phase:module, phaseName: FEATURES, module: http://127.0.0.1:8080/js/ui/notifications_panel.js, ok: true, usedInit: false}
[BROWSER] [CRM] [patch_2025-09-26_phase2_automations.init] complete
[BROWSER] [CRM] {type: phase:module, phaseName: FEATURES, module: http://127.0.0.1:8080/js/patch_2025-09-26_phase2_automations.js, ok: true, usedInit: true}
[BROWSER] [patch_2025-09-26_phase1_pipeline_partners.init] complete
[BROWSER] [CRM] [patch_2025-09-26_phase1_pipeline_partners.init] already wired
[BROWSER] [CRM] {type: phase:module, phaseName: FEATURES, module: http://127.0.0.1:8080/js/patch_2025-09-26_phase1_pipeline_partners.js, ok: true, usedInit: true}
[BROWSER] [CRM] [patch_2025-09-26_phase3_dashboard_reports.init] complete
[BROWSER] [CRM] {type: phase:module, phaseName: FEATURES, module: http://127.0.0.1:8080/js/patch_2025-09-26_phase3_dashboard_reports.js, ok: true, usedInit: true}
[BROWSER] [CRM] [patch_20250923_baseline.init] complete
[BROWSER] [CRM] {type: phase:module, phaseName: FEATURES, module: http://127.0.0.1:8080/js/patch_20250923_baseline.js, ok: true, usedInit: true}
[BROWSER] [CRM] {type: phase:done, phaseName: FEATURES, count: 29, dt: 167.1999999997206}
[BROWSER] [CRM] FEATURES contract issues [dashboard registered (best effort)]
[BROWSER] [CRM] [BOOT] SHELL modules total ~18ms, SERVICES modules total ~7ms, FEATURES modules total ~2705ms (parallel aggregate)
[BROWSER] [CRM] [phase] FEATURES complete {count: 29, errors: 0}
[BROWSER] [renderGuard] flushDispatch queue length: 1
[BROWSER] [renderGuard] [0] source: bootstrap ids: N/A reason: undefined
[BROWSER] [renderGuard] dispatching: N/A
[BROWSER] [app] app:data:changed missing scope {source: bootstrap, batchSize: 1, reason: undefined, scope: }
[BROWSER] [app] app:data:changed {source: bootstrap, batchSize: 1, reason: undefined, scope: }
[BROWSER] [labs] CRM data changed, refreshing... {source: bootstrap, batchSize: 1, reason: undefined, scope: }
[BROWSER] [app] app:data:changed {source: bootstrap, batchSize: 1, reason: undefined, scope: }
[BROWSER] Deprecated API for given entry type.
[BROWSER] [APP_RENDER] full 1767738294135
[BROWSER] [labs] scheduling model recompute app:data:changed
[BROWSER] [LABS] model loaded {contactCount: 0, partnerCount: 21, taskCount: 103}
[BROWSER] [LABS] rendered widget focus
[BROWSER] [LABS] rendered widget labsKpiSummary
[BROWSER] [LABS] rendered widget labsPipelineSnapshot
[BROWSER] [LABS] rendered widget goalProgress
[BROWSER] [LABS] rendered widget labsTasks
[BROWSER] [LABS] rendered widget today
[BROWSER] [LABS] rendered widget todo
[BROWSER] [LABS] rendered widget priorityActions
[BROWSER] [LABS] rendered widget favorites
[BROWSER] [LABS] rendered widget milestones
[BROWSER] [LABS] rendered widget partnerPortfolio
[BROWSER] [LABS] rendered widget referralLeaderboard
[BROWSER] [LABS] rendered widget referralTrends
[BROWSER] [LABS] rendered widget relationshipOpportunities
[BROWSER] [LABS] rendered widget closingWatch
[BROWSER] [LABS] rendered widget upcomingCelebrations
[BROWSER] [vNext] Initializing grid for overview
[BROWSER] [ZNEXT] enableVNextGrid entered
[BROWSER] [ZNEXT] Checking GridStack true
[BROWSER] [A_BEACON] dnd:widgets:handlers {count: 0}
[BROWSER] [A_BEACON] dnd:widgets:handlers {count: 4}
[BROWSER] [VIS] polish applied:reports-icons
[BROWSER] BOOT OK
[BROWSER] BOOT OK
